[2026-08-25 06:03:43] [INICIO DE SESIÓN] Exitoso - Comisario Joel
[2026-08-25 06:03:46] [CIERRE DE SESIÓN] Joel cerró sesión correctamente.
[2026-08-25 06:06:41] [LOGIN] Exitoso - Comisario Joel
[2026-08-25 06:29:31] [LOGOUT] Joel cerró sesión.
[2026-08-25 06:45:58] [WEB LOGIN OK] Director DFI - Pablo
[2026-08-25 07:07:18] [WEB LOGIN OK] Director DFI - Pablo
[2026-08-25 07:32:24] [WEB LOGIN OK] Pablo (Director DFI)
[2026-08-25 07:34:01] [EXPEDIENTE WEB SUBIDO] Director Pablo subió Documento_compressed.pdf
[2026-08-25 08:12:15] Login OK: Pablo
[2026-08-25 08:41:03] Login OK: Pablo
[2026-08-25 08:47:30] Login OK: Alexis
[2026-08-25 08:57:09] Login OK: Pablo
[2026-08-25 09:11:47] Login OK: Pablo
[2026-08-25 10:28:32] Login OK: Pablo
[2026-08-25 17:04:53] Login OK: Pablo
[2026-08-25 17:54:48] Login OK: Pablo
[2026-08-25 17:55:08] Login OK: Pablo
[2026-08-25 19:47:55] Login OK: Pablo
[2026-08-25 20:09:09] Login OK: Pablo
[2026-08-27 01:37:10] Login OK: Pablo
[2026-08-27 01:42:59] Login OK: Pablo
[2026-08-27 01:44:09] Login OK: Alexis
[2026-08-27 01:45:35] Login OK: Pablo
[2026-08-27 01:54:50] Login OK: Pablo
[2026-08-27 01:55:11] Login OK: Bruno
[2026-08-27 01:55:40] Login OK: Pablo
[2026-08-27 01:57:27] Login OK: Luis
[2026-08-27 02:08:24] Login OK: Luis
[2026-08-27 02:13:32] Login OK: Luis
[2026-08-27 02:20:43] Login OK: Luis
[2026-08-27 03:03:34] Login OK: Pablo
