0 verbose cli /data/data/com.termux/files/usr/bin/node /data/data/com.termux/files/usr/lib/node_modules/npm/bin/npm-cli.js
1 info using npm@11.19.0
2 info using node@v26.4.0
3 silly config load:file:/data/data/com.termux/files/usr/lib/node_modules/npm/npmrc
4 silly config load:file:/data/data/com.termux/files/home/.npmrc
5 silly config load:file:/data/data/com.termux/files/usr/etc/npmrc
6 verbose title npm exec localtunnel --port 5000
7 verbose argv "exec" "--" "localtunnel" "--port" "5000"
8 verbose logfile logs-max:10 dir:/data/data/com.termux/files/home/.npm/_logs/2026-08-25T13_22_12_223Z-
9 verbose logfile /data/data/com.termux/files/home/.npm/_logs/2026-08-25T13_22_12_223Z-debug-0.log
10 silly logfile done cleaning log files
11 silly packumentCache heap:1174405120 maxSize:293601280 maxEntrySize:146800640
12 http fetch GET 200 https://registry.npmjs.org/localtunnel 292ms (cache miss)
13 silly packumentCache heap:1174405120 maxSize:293601280 maxEntrySize:146800640
14 http fetch GET 200 https://registry.npmjs.org/npm 432ms
15 silly packumentCache heap:1174405120 maxSize:293601280 maxEntrySize:146800640
16 silly idealTree buildDeps
17 silly fetch manifest localtunnel@2.0.2
18 silly packumentCache full:https://registry.npmjs.org/localtunnel cache-miss
19 http fetch GET 200 https://registry.npmjs.org/localtunnel 78ms (cache miss)
20 silly packumentCache full:https://registry.npmjs.org/localtunnel set size:undefined disposed:false
21 silly placeDep ROOT localtunnel@2.0.2 OK for:  want: 2.0.2
22 silly fetch manifest axios@0.21.4
23 silly packumentCache full:https://registry.npmjs.org/axios cache-miss
24 silly fetch manifest debug@4.3.2
25 silly packumentCache full:https://registry.npmjs.org/debug cache-miss
26 silly fetch manifest openurl@1.1.1
27 silly packumentCache full:https://registry.npmjs.org/openurl cache-miss
28 silly fetch manifest yargs@17.1.1
29 silly packumentCache full:https://registry.npmjs.org/yargs cache-miss
30 http fetch GET 200 https://registry.npmjs.org/axios 106ms (cache miss)
31 silly packumentCache full:https://registry.npmjs.org/axios set size:undefined disposed:false
32 http fetch GET 200 https://registry.npmjs.org/debug 175ms (cache miss)
33 silly packumentCache full:https://registry.npmjs.org/debug set size:undefined disposed:false
34 http fetch GET 200 https://registry.npmjs.org/openurl 192ms (cache miss)
35 silly packumentCache full:https://registry.npmjs.org/openurl set size:undefined disposed:false
36 http fetch GET 200 https://registry.npmjs.org/yargs 245ms (cache miss)
37 silly packumentCache full:https://registry.npmjs.org/yargs set size:undefined disposed:false
38 silly placeDep ROOT axios@0.21.4 OK for: localtunnel@2.0.2 want: 0.21.4
39 silly placeDep ROOT debug@4.3.2 OK for: localtunnel@2.0.2 want: 4.3.2
40 silly placeDep ROOT openurl@1.1.1 OK for: localtunnel@2.0.2 want: 1.1.1
41 silly placeDep ROOT yargs@17.1.1 OK for: localtunnel@2.0.2 want: 17.1.1
42 silly fetch manifest follow-redirects@^1.14.0
43 silly packumentCache full:https://registry.npmjs.org/follow-redirects cache-miss
44 silly fetch manifest ms@2.1.2
45 silly packumentCache full:https://registry.npmjs.org/ms cache-miss
46 silly fetch manifest y18n@^5.0.5
47 silly packumentCache full:https://registry.npmjs.org/y18n cache-miss
48 silly fetch manifest cliui@^7.0.2
49 silly packumentCache full:https://registry.npmjs.org/cliui cache-miss
50 silly fetch manifest escalade@^3.1.1
51 silly packumentCache full:https://registry.npmjs.org/escalade cache-miss
52 http fetch GET 200 https://registry.npmjs.org/ms 91ms (cache miss)
53 silly packumentCache full:https://registry.npmjs.org/ms set size:undefined disposed:false
54 silly fetch manifest string-width@^4.2.0
55 silly packumentCache full:https://registry.npmjs.org/string-width cache-miss
56 http fetch GET 200 https://registry.npmjs.org/follow-redirects 115ms (cache miss)
57 silly packumentCache full:https://registry.npmjs.org/follow-redirects set size:undefined disposed:false
58 silly fetch manifest yargs-parser@^20.2.2
59 silly packumentCache full:https://registry.npmjs.org/yargs-parser cache-miss
60 http fetch GET 200 https://registry.npmjs.org/y18n 143ms (cache miss)
61 silly packumentCache full:https://registry.npmjs.org/y18n set size:undefined disposed:false
62 silly fetch manifest get-caller-file@^2.0.5
63 silly packumentCache full:https://registry.npmjs.org/get-caller-file cache-miss
64 http fetch GET 200 https://registry.npmjs.org/cliui 165ms (cache miss)
65 silly packumentCache full:https://registry.npmjs.org/cliui set size:undefined disposed:false
66 silly fetch manifest require-directory@^2.1.1
67 silly packumentCache full:https://registry.npmjs.org/require-directory cache-miss
68 http fetch GET 200 https://registry.npmjs.org/string-width 99ms (cache miss)
69 silly packumentCache full:https://registry.npmjs.org/string-width set size:undefined disposed:false
70 http fetch GET 200 https://registry.npmjs.org/escalade 213ms (cache miss)
71 silly packumentCache full:https://registry.npmjs.org/escalade set size:undefined disposed:false
72 http fetch GET 200 https://registry.npmjs.org/get-caller-file 71ms (cache miss)
73 silly packumentCache full:https://registry.npmjs.org/get-caller-file set size:undefined disposed:false
74 http fetch GET 200 https://registry.npmjs.org/require-directory 51ms (cache miss)
75 silly packumentCache full:https://registry.npmjs.org/require-directory set size:undefined disposed:false
76 http fetch GET 200 https://registry.npmjs.org/yargs-parser 211ms (cache miss)
77 silly packumentCache full:https://registry.npmjs.org/yargs-parser set size:undefined disposed:false
78 silly placeDep ROOT follow-redirects@1.16.0 OK for: axios@0.21.4 want: ^1.14.0
79 silly placeDep ROOT ms@2.1.2 OK for: debug@4.3.2 want: 2.1.2
80 silly placeDep ROOT cliui@7.0.4 OK for: yargs@17.1.1 want: ^7.0.2
81 silly placeDep ROOT escalade@3.2.0 OK for: yargs@17.1.1 want: ^3.1.1
82 silly placeDep ROOT get-caller-file@2.0.5 OK for: yargs@17.1.1 want: ^2.0.5
83 silly placeDep ROOT require-directory@2.1.1 OK for: yargs@17.1.1 want: ^2.1.1
84 silly placeDep ROOT string-width@4.2.3 OK for: yargs@17.1.1 want: ^4.2.0
85 silly placeDep ROOT y18n@5.0.8 OK for: yargs@17.1.1 want: ^5.0.5
86 silly placeDep ROOT yargs-parser@20.2.9 OK for: yargs@17.1.1 want: ^20.2.2
87 silly fetch manifest wrap-ansi@^7.0.0
88 silly packumentCache full:https://registry.npmjs.org/wrap-ansi cache-miss
89 silly fetch manifest strip-ansi@^6.0.0
90 silly packumentCache full:https://registry.npmjs.org/strip-ansi cache-miss
91 silly fetch manifest strip-ansi@^6.0.1
92 silly packumentCache full:https://registry.npmjs.org/strip-ansi cache-miss
93 silly fetch manifest emoji-regex@^8.0.0
94 silly packumentCache full:https://registry.npmjs.org/emoji-regex cache-miss
95 silly fetch manifest is-fullwidth-code-point@^3.0.0
96 silly packumentCache full:https://registry.npmjs.org/is-fullwidth-code-point cache-miss
97 http fetch GET 200 https://registry.npmjs.org/wrap-ansi 67ms (cache miss)
98 silly packumentCache full:https://registry.npmjs.org/wrap-ansi set size:undefined disposed:false
99 http fetch GET 200 https://registry.npmjs.org/strip-ansi 70ms (cache miss)
100 silly packumentCache full:https://registry.npmjs.org/strip-ansi set size:undefined disposed:false
101 http fetch GET 200 https://registry.npmjs.org/strip-ansi 108ms (cache miss)
102 silly packumentCache full:https://registry.npmjs.org/strip-ansi set size:undefined disposed:false
103 http fetch GET 200 https://registry.npmjs.org/emoji-regex 119ms (cache miss)
104 silly packumentCache full:https://registry.npmjs.org/emoji-regex set size:undefined disposed:false
105 http fetch GET 200 https://registry.npmjs.org/is-fullwidth-code-point 272ms (cache miss)
106 silly packumentCache full:https://registry.npmjs.org/is-fullwidth-code-point set size:undefined disposed:false
107 silly placeDep ROOT strip-ansi@6.0.1 OK for: cliui@7.0.4 want: ^6.0.0
108 silly placeDep ROOT wrap-ansi@7.0.0 OK for: cliui@7.0.4 want: ^7.0.0
109 silly fetch manifest ansi-regex@^5.0.1
110 silly packumentCache full:https://registry.npmjs.org/ansi-regex cache-miss
111 silly fetch manifest ansi-styles@^4.0.0
112 silly packumentCache full:https://registry.npmjs.org/ansi-styles cache-miss
113 http fetch GET 200 https://registry.npmjs.org/ansi-styles 46ms (cache miss)
114 silly packumentCache full:https://registry.npmjs.org/ansi-styles set size:undefined disposed:false
115 http fetch GET 200 https://registry.npmjs.org/ansi-regex 56ms (cache miss)
116 silly packumentCache full:https://registry.npmjs.org/ansi-regex set size:undefined disposed:false
117 silly placeDep ROOT emoji-regex@8.0.0 OK for: string-width@4.2.3 want: ^8.0.0
118 silly placeDep ROOT is-fullwidth-code-point@3.0.0 OK for: string-width@4.2.3 want: ^3.0.0
119 silly placeDep ROOT ansi-regex@5.0.1 OK for: strip-ansi@6.0.1 want: ^5.0.1
120 silly placeDep ROOT ansi-styles@4.3.0 OK for: wrap-ansi@7.0.0 want: ^4.0.0
121 silly fetch manifest color-convert@^2.0.1
122 silly packumentCache full:https://registry.npmjs.org/color-convert cache-miss
123 http fetch GET 200 https://registry.npmjs.org/color-convert 38ms (cache miss)
124 silly packumentCache full:https://registry.npmjs.org/color-convert set size:undefined disposed:false
125 silly placeDep ROOT color-convert@2.0.1 OK for: ansi-styles@4.3.0 want: ^2.0.1
126 silly fetch manifest color-name@~1.1.4
127 silly packumentCache full:https://registry.npmjs.org/color-name cache-miss
128 http fetch GET 200 https://registry.npmjs.org/color-name 34ms (cache miss)
129 silly packumentCache full:https://registry.npmjs.org/color-name set size:undefined disposed:false
130 silly placeDep ROOT color-name@1.1.4 OK for: color-convert@2.0.1 want: ~1.1.4
131 silly reify moves {}
132 silly audit bulk request {
132 silly audit   localtunnel: [ '2.0.2' ],
132 silly audit   axios: [ '0.21.4' ],
132 silly audit   debug: [ '4.3.2' ],
132 silly audit   openurl: [ '1.1.1' ],
132 silly audit   yargs: [ '17.1.1' ],
132 silly audit   'follow-redirects': [ '1.16.0' ],
132 silly audit   ms: [ '2.1.2' ],
132 silly audit   cliui: [ '7.0.4' ],
132 silly audit   escalade: [ '3.2.0' ],
132 silly audit   'get-caller-file': [ '2.0.5' ],
132 silly audit   'require-directory': [ '2.1.1' ],
132 silly audit   'string-width': [ '4.2.3' ],
132 silly audit   y18n: [ '5.0.8' ],
132 silly audit   'yargs-parser': [ '20.2.9' ],
132 silly audit   'strip-ansi': [ '6.0.1' ],
132 silly audit   'wrap-ansi': [ '7.0.0' ],
132 silly audit   'emoji-regex': [ '8.0.0' ],
132 silly audit   'is-fullwidth-code-point': [ '3.0.0' ],
132 silly audit   'ansi-regex': [ '5.0.1' ],
132 silly audit   'ansi-styles': [ '4.3.0' ],
132 silly audit   'color-convert': [ '2.0.1' ],
132 silly audit   'color-name': [ '1.1.4' ]
132 silly audit }
133 http cache color-name@https://registry.npmjs.org/color-name/-/color-name-1.1.4.tgz 1ms (cache hit)
134 http cache color-convert@https://registry.npmjs.org/color-convert/-/color-convert-2.0.1.tgz 0ms (cache hit)
135 http cache ansi-styles@https://registry.npmjs.org/ansi-styles/-/ansi-styles-4.3.0.tgz 0ms (cache hit)
136 http cache ansi-regex@https://registry.npmjs.org/ansi-regex/-/ansi-regex-5.0.1.tgz 0ms (cache hit)
137 http cache is-fullwidth-code-point@https://registry.npmjs.org/is-fullwidth-code-point/-/is-fullwidth-code-point-3.0.0.tgz 0ms (cache hit)
138 http cache emoji-regex@https://registry.npmjs.org/emoji-regex/-/emoji-regex-8.0.0.tgz 0ms (cache hit)
139 http cache wrap-ansi@https://registry.npmjs.org/wrap-ansi/-/wrap-ansi-7.0.0.tgz 0ms (cache hit)
140 http cache strip-ansi@https://registry.npmjs.org/strip-ansi/-/strip-ansi-6.0.1.tgz 0ms (cache hit)
141 http cache yargs-parser@https://registry.npmjs.org/yargs-parser/-/yargs-parser-20.2.9.tgz 0ms (cache hit)
142 http cache y18n@https://registry.npmjs.org/y18n/-/y18n-5.0.8.tgz 0ms (cache hit)
143 http cache string-width@https://registry.npmjs.org/string-width/-/string-width-4.2.3.tgz 0ms (cache hit)
144 http cache require-directory@https://registry.npmjs.org/require-directory/-/require-directory-2.1.1.tgz 0ms (cache hit)
145 http cache get-caller-file@https://registry.npmjs.org/get-caller-file/-/get-caller-file-2.0.5.tgz 0ms (cache hit)
146 http cache escalade@https://registry.npmjs.org/escalade/-/escalade-3.2.0.tgz 0ms (cache hit)
147 http cache cliui@https://registry.npmjs.org/cliui/-/cliui-7.0.4.tgz 0ms (cache hit)
148 http cache ms@https://registry.npmjs.org/ms/-/ms-2.1.2.tgz 0ms (cache hit)
149 http cache follow-redirects@https://registry.npmjs.org/follow-redirects/-/follow-redirects-1.16.0.tgz 0ms (cache hit)
150 http cache yargs@https://registry.npmjs.org/yargs/-/yargs-17.1.1.tgz 0ms (cache hit)
151 http cache openurl@https://registry.npmjs.org/openurl/-/openurl-1.1.1.tgz 0ms (cache hit)
152 http cache debug@https://registry.npmjs.org/debug/-/debug-4.3.2.tgz 1ms (cache hit)
153 http cache axios@https://registry.npmjs.org/axios/-/axios-0.21.4.tgz 1ms (cache hit)
154 http cache localtunnel@https://registry.npmjs.org/localtunnel/-/localtunnel-2.0.2.tgz 1ms (cache hit)
155 silly tarball no local data for color-name@https://registry.npmjs.org/color-name/-/color-name-1.1.4.tgz. Extracting by manifest.
156 silly tarball no local data for color-convert@https://registry.npmjs.org/color-convert/-/color-convert-2.0.1.tgz. Extracting by manifest.
157 silly tarball no local data for ansi-styles@https://registry.npmjs.org/ansi-styles/-/ansi-styles-4.3.0.tgz. Extracting by manifest.
158 silly tarball no local data for ansi-regex@https://registry.npmjs.org/ansi-regex/-/ansi-regex-5.0.1.tgz. Extracting by manifest.
159 silly tarball no local data for is-fullwidth-code-point@https://registry.npmjs.org/is-fullwidth-code-point/-/is-fullwidth-code-point-3.0.0.tgz. Extracting by manifest.
160 silly tarball no local data for emoji-regex@https://registry.npmjs.org/emoji-regex/-/emoji-regex-8.0.0.tgz. Extracting by manifest.
161 silly tarball no local data for wrap-ansi@https://registry.npmjs.org/wrap-ansi/-/wrap-ansi-7.0.0.tgz. Extracting by manifest.
162 silly tarball no local data for strip-ansi@https://registry.npmjs.org/strip-ansi/-/strip-ansi-6.0.1.tgz. Extracting by manifest.
163 silly tarball no local data for yargs-parser@https://registry.npmjs.org/yargs-parser/-/yargs-parser-20.2.9.tgz. Extracting by manifest.
164 silly tarball no local data for y18n@https://registry.npmjs.org/y18n/-/y18n-5.0.8.tgz. Extracting by manifest.
165 silly tarball no local data for string-width@https://registry.npmjs.org/string-width/-/string-width-4.2.3.tgz. Extracting by manifest.
166 silly tarball no local data for require-directory@https://registry.npmjs.org/require-directory/-/require-directory-2.1.1.tgz. Extracting by manifest.
167 silly tarball no local data for get-caller-file@https://registry.npmjs.org/get-caller-file/-/get-caller-file-2.0.5.tgz. Extracting by manifest.
168 silly tarball no local data for escalade@https://registry.npmjs.org/escalade/-/escalade-3.2.0.tgz. Extracting by manifest.
169 silly tarball no local data for cliui@https://registry.npmjs.org/cliui/-/cliui-7.0.4.tgz. Extracting by manifest.
170 silly tarball no local data for ms@https://registry.npmjs.org/ms/-/ms-2.1.2.tgz. Extracting by manifest.
171 silly tarball no local data for follow-redirects@https://registry.npmjs.org/follow-redirects/-/follow-redirects-1.16.0.tgz. Extracting by manifest.
172 silly tarball no local data for yargs@https://registry.npmjs.org/yargs/-/yargs-17.1.1.tgz. Extracting by manifest.
173 silly tarball no local data for openurl@https://registry.npmjs.org/openurl/-/openurl-1.1.1.tgz. Extracting by manifest.
174 silly tarball no local data for debug@https://registry.npmjs.org/debug/-/debug-4.3.2.tgz. Extracting by manifest.
175 silly tarball no local data for axios@https://registry.npmjs.org/axios/-/axios-0.21.4.tgz. Extracting by manifest.
176 silly tarball no local data for localtunnel@https://registry.npmjs.org/localtunnel/-/localtunnel-2.0.2.tgz. Extracting by manifest.
177 http fetch POST 200 https://registry.npmjs.org/-/npm/v1/security/advisories/bulk 373ms
178 silly audit report {
178 silly audit report   axios: [
178 silly audit report     {
178 silly audit report       id: 1111034,
178 silly audit report       url: 'https://github.com/advisories/GHSA-jr5f-v2jv-69x6',
178 silly audit report       title: 'axios Requests Vulnerable To Possible SSRF and Credential Leakage via Absolute URL',
178 silly audit report       severity: 'high',
178 silly audit report       vulnerable_versions: '<0.30.0',
178 silly audit report       cwe: [Array],
178 silly audit report       cvss: [Object]
178 silly audit report     },
178 silly audit report     {
178 silly audit report       id: 1119403,
178 silly audit report       url: 'https://github.com/advisories/GHSA-fvcv-3m26-pcqx',
178 silly audit report       title: 'Axios has Unrestricted Cloud Metadata Exfiltration via Header Injection Chain',
178 silly audit report       severity: 'moderate',
178 silly audit report       vulnerable_versions: '<0.31.0',
178 silly audit report       cwe: [Array],
178 silly audit report       cvss: [Object]
178 silly audit report     },
178 silly audit report     {
178 silly audit report       id: 1120124,
178 silly audit report       url: 'https://github.com/advisories/GHSA-62hf-57xw-28j9',
178 silly audit report       title: 'Axios: unbounded recursion in toFormData causes DoS via deeply nested request data',
178 silly audit report       severity: 'moderate',
178 silly audit report       vulnerable_versions: '<=0.31.0',
178 silly audit report       cwe: [Array],
178 silly audit report       cvss: [Object]
178 silly audit report     },
178 silly audit report     {
178 silly audit report       id: 1120546,
178 silly audit report       url: 'https://github.com/advisories/GHSA-hfxv-24rg-xrqf',
178 silly audit report       title: 'Axios: Regular Expression Denial of Service (ReDoS) via Cookie Name Injection',
178 silly audit report       severity: 'high',
178 silly audit report       vulnerable_versions: '<=0.31.1',
178 silly audit report       cwe: [Array],
178 silly audit report       cvss: [Object]
178 silly audit report     },
178 silly audit report     {
178 silly audit report       id: 1120644,
178 silly audit report       url: 'https://github.com/advisories/GHSA-p92q-9vqr-4j8v',
178 silly audit report       title: 'Axios: Proxy-Authorization Credential Leak to Origin Server Across HTTP-to-HTTPS Redirect in Axios Node.js HTTP Adapter',
178 silly audit report       severity: 'high',
178 silly audit report       vulnerable_versions: '<=0.31.1',
178 silly audit report       cwe: [Array],
178 silly audit report       cvss: [Object]
178 silly audit report     },
178 silly audit report     {
178 silly audit report       id: 1120646,
178 silly audit report       url: 'https://github.com/advisories/GHSA-j5f8-grm9-p9fc',
178 silly audit report       title: 'Axios: Proxy-Authorization header leaks to redirect target when proxy is re-evaluated to direct connection',
178 silly audit report       severity: 'high',
178 silly audit report       vulnerable_versions: '<=0.31.1',
178 silly audit report       cwe: [Array],
178 silly audit report       cvss: [Object]
178 silly audit report     },
178 silly audit report     {
178 silly audit report       id: 1120648,
178 silly audit report       url: 'https://github.com/advisories/GHSA-3g43-6gmg-66jw',
178 silly audit report       title: 'axios Vulnerable to Credential Theft and Response Hijacking via Prototype Pollution Gadget in Config Merge',
178 silly audit report       severity: 'high',
178 silly audit report       vulnerable_versions: '>=0.19.0 <0.31.1',
178 silly audit report       cwe: [Array],
178 silly audit report       cvss: [Object]
178 silly audit report     },
178 silly audit report     {
178 silly audit report       id: 1120651,
178 silly audit report       url: 'https://github.com/advisories/GHSA-898c-q2cr-xwhg',
178 silly audit report       title: 'axios has DoS & Header Injection via Prototype Pollution Read-Side Gadgets in axios merge functions',
178 silly audit report       severity: 'moderate',
178 silly audit report       vulnerable_versions: '<=0.31.1',
178 silly audit report       cwe: [Array],
178 silly audit report       cvss: [Object]
178 silly audit report     },
178 silly audit report     {
178 silly audit report       id: 1116672,
178 silly audit report       url: 'https://github.com/advisories/GHSA-3p68-rc4w-qgx5',
178 silly audit report       title: 'Axios has a NO_PROXY Hostname Normalization Bypass that Leads to SSRF',
178 silly audit report       severity: 'moderate',
178 silly audit report       vulnerable_versions: '<0.31.0',
178 silly audit report       cwe: [Array],
178 silly audit report       cvss: [Object]
178 silly audit report     },
178 silly audit report     {
178 silly audit report       id: 1117573,
178 silly audit report       url: 'https://github.com/advisories/GHSA-w9j2-pvgh-6h63',
178 silly audit report       title: 'Axios: Authentication Bypass via Prototype Pollution Gadget in `validateStatus` Merge Strategy',
178 silly audit report       severity: 'moderate',
178 silly audit report       vulnerable_versions: '<=0.31.0',
178 silly audit report       cwe: [Array],
178 silly audit report       cvss: [Object]
178 silly audit report     },
178 silly audit report     {
178 silly audit report       id: 1117575,
178 silly audit report       url: 'https://github.com/advisories/GHSA-pmwg-cvhr-8vh7',
178 silly audit report       title: 'Axios: Incomplete Fix for CVE-2025-62718 — NO_PROXY Protection Bypassed via RFC 1122 Loopback Subnet (127.0.0.0/8) in Axios 1.15.0',
178 silly audit report       severity: 'high',
178 silly audit report       vulnerable_versions: '<=0.31.0',
178 silly audit report       cwe: [Array],
178 silly audit report       cvss: [Object]
178 silly audit report     },
178 silly audit report     {
178 silly audit report       id: 1117579,
178 silly audit report       url: 'https://github.com/advisories/GHSA-xhjh-pmcv-23jw',
178 silly audit report       title: 'Axios: Null Byte Injection via Reverse-Encoding in AxiosURLSearchParams',
178 silly audit report       severity: 'low',
178 silly audit report       vulnerable_versions: '<=0.31.0',
178 silly audit report       cwe: [Array],
178 silly audit report       cvss: [Object]
178 silly audit report     },
178 silly audit report     {
178 silly audit report       id: 1117582,
178 silly audit report       url: 'https://github.com/advisories/GHSA-m7pr-hjqh-92cm',
178 silly audit report       title: 'Axios: no_proxy bypass via IP alias allows SSRF',
178 silly audit report       severity: 'moderate',
178 silly audit report       vulnerable_versions: '<=0.31.0',
178 silly audit report       cwe: [Array],
178 silly audit report       cvss: [Object]
178 silly audit report     },
178 silly audit report     {
178 silly audit report       id: 1117586,
178 silly audit report       url: 'https://github.com/advisories/GHSA-5c9x-8gcm-mpgx',
178 silly audit report       title: "Axios' HTTP adapter-streamed uploads bypass maxBodyLength when maxRedirects: 0",
178 silly audit report       severity: 'moderate',
178 silly audit report       vulnerable_versions: '<=0.31.0',
178 silly audit report       cwe: [Array],
178 silly audit report       cvss: [Object]
178 silly audit report     },
178 silly audit report     {
178 silly audit report       id: 1117588,
178 silly audit report       url: 'https://github.com/advisories/GHSA-vf2m-468p-8v99',
178 silly audit report       title: 'Axios: HTTP adapter streamed responses bypass maxContentLength',
178 silly audit report       severity: 'moderate',
178 silly audit report       vulnerable_versions: '<=0.31.0',
178 silly audit report       cwe: [Array],
178 silly audit report       cvss: [Object]
178 silly audit report     },
178 silly audit report     {
178 silly audit report       id: 1117590,
178 silly audit report       url: 'https://github.com/advisories/GHSA-pf86-5x62-jrwf',
178 silly audit report       title: 'Axios: Prototype Pollution Gadgets - Response Tampering, Data Exfiltration, and Request Hijacking',
178 silly audit report       severity: 'high',
178 silly audit report       vulnerable_versions: '<=0.31.0',
178 silly audit report       cwe: [Array],
178 silly audit report       cvss: [Object]
178 silly audit report     },
178 silly audit report     {
178 silly audit report       id: 1117592,
178 silly audit report       url: 'https://github.com/advisories/GHSA-6chq-wfr3-2hj9',
178 silly audit report       title: 'Axios: Header Injection via Prototype Pollution',
178 silly audit report       severity: 'high',
178 silly audit report       vulnerable_versions: '<=0.31.0',
178 silly audit report       cwe: [Array],
178 silly audit report       cvss: [Object]
178 silly audit report     },
178 silly audit report     {
178 silly audit report       id: 1117594,
178 silly audit report       url: 'https://github.com/advisories/GHSA-xx6v-rp6x-q39c',
178 silly audit report       title: 'Axios: XSRF Token Cross-Origin Leakage via Prototype Pollution Gadget in `withXSRFToken` Boolean Coercion',
178 silly audit report       severity: 'moderate',
178 silly audit report       vulnerable_versions: '<=0.31.0',
178 silly audit report       cwe: [Array],
178 silly audit report       cvss: [Object]
178 silly audit report     },
178 silly audit report     {
178 silly audit report       id: 1117857,
178 silly audit report       url: 'https://github.com/advisories/GHSA-43fc-jf86-j433',
178 silly audit report       title: 'Axios is Vulnerable to Denial of Service via __proto__ Key in mergeConfig',
178 silly audit report       severity: 'high',
178 silly audit report       vulnerable_versions: '<=0.30.2',
178 silly audit report       cwe: [Array],
178 silly audit report       cvss: [Object]
178 silly audit report     },
178 silly audit report     {
178 silly audit report       id: 1123825,
178 silly audit report       url: 'https://github.com/advisories/GHSA-pjwm-pj3p-43mv',
178 silly audit report       title: "axios's shouldBypassProxy does not recognize IPv4-mapped IPv6 addresses, allowing NO_PROXY bypass (incomplete fix for CVE-2025-62718)",
178 silly audit report       severity: 'high',
178 silly audit report       vulnerable_versions: '<=0.31.1',
178 silly audit report       cwe: [Array],
178 silly audit report       cvss: [Object]
178 silly audit report     },
178 silly audit report     {
178 silly audit report       id: 1123958,
178 silly audit report       url: 'https://github.com/advisories/GHSA-mmx7-hfxf-jppx',
178 silly audit report       title: 'Axios: Prototype pollution gadgets can alter axios request construction',
178 silly audit report       severity: 'moderate',
178 silly audit report       vulnerable_versions: '<0.33.0',
178 silly audit report       cwe: [Array],
178 silly audit report       cvss: [Object]
178 silly audit report     },
178 silly audit report     {
178 silly audit report       id: 1123972,
178 silly audit report       url: 'https://github.com/advisories/GHSA-7q8q-rj6j-mhjq',
178 silly audit report       title: 'Axios: Nested axios option objects can consume polluted prototype values',
178 silly audit report       severity: 'moderate',
178 silly audit report       vulnerable_versions: '>=0.8.0 <0.33.0',
178 silly audit report       cwe: [Array],
178 silly audit report       cvss: [Object]
178 silly audit report     },
178 silly audit report     {
178 silly audit report       id: 1097679,
178 silly audit report       url: 'https://github.com/advisories/GHSA-wf5p-g6vw-rhxx',
178 silly audit report       title: 'Axios Cross-Site Request Forgery Vulnerability',
178 silly audit report       severity: 'moderate',
178 silly audit report       vulnerable_versions: '>=0.8.1 <0.28.0',
178 silly audit report       cwe: [Array],
178 silly audit report       cvss: [Object]
178 silly audit report     }
178 silly audit report   ]
178 silly audit report }
179 silly packumentCache corgi:https://registry.npmjs.org/axios cache-miss
180 http fetch GET 200 https://registry.npmjs.org/color-name/-/color-name-1.1.4.tgz 648ms (cache miss)
181 http fetch GET 200 https://registry.npmjs.org/ansi-regex/-/ansi-regex-5.0.1.tgz 641ms (cache miss)
182 http fetch GET 200 https://registry.npmjs.org/ms/-/ms-2.1.2.tgz 617ms (cache miss)
183 http fetch GET 200 https://registry.npmjs.org/openurl/-/openurl-1.1.1.tgz 611ms (cache miss)
184 http fetch GET 200 https://registry.npmjs.org/color-convert/-/color-convert-2.0.1.tgz 671ms (cache miss)
185 http fetch GET 200 https://registry.npmjs.org/cliui/-/cliui-7.0.4.tgz 627ms (cache miss)
186 http fetch GET 200 https://registry.npmjs.org/follow-redirects/-/follow-redirects-1.16.0.tgz 628ms (cache miss)
187 http fetch GET 200 https://registry.npmjs.org/ansi-styles/-/ansi-styles-4.3.0.tgz 675ms (cache miss)
188 http fetch GET 200 https://registry.npmjs.org/strip-ansi/-/strip-ansi-6.0.1.tgz 665ms (cache miss)
189 http fetch GET 200 https://registry.npmjs.org/wrap-ansi/-/wrap-ansi-7.0.0.tgz 672ms (cache miss)
190 http fetch GET 200 https://registry.npmjs.org/debug/-/debug-4.3.2.tgz 647ms (cache miss)
191 http fetch GET 200 https://registry.npmjs.org/is-fullwidth-code-point/-/is-fullwidth-code-point-3.0.0.tgz 682ms (cache miss)
192 http fetch GET 200 https://registry.npmjs.org/localtunnel/-/localtunnel-2.0.2.tgz 648ms (cache miss)
193 http fetch GET 200 https://registry.npmjs.org/require-directory/-/require-directory-2.1.1.tgz 672ms (cache miss)
194 http fetch GET 200 https://registry.npmjs.org/emoji-regex/-/emoji-regex-8.0.0.tgz 689ms (cache miss)
195 http fetch GET 200 https://registry.npmjs.org/get-caller-file/-/get-caller-file-2.0.5.tgz 677ms (cache miss)
196 http fetch GET 200 https://registry.npmjs.org/string-width/-/string-width-4.2.3.tgz 683ms (cache miss)
197 http fetch GET 200 https://registry.npmjs.org/escalade/-/escalade-3.2.0.tgz 683ms (cache miss)
198 http fetch GET 200 https://registry.npmjs.org/y18n/-/y18n-5.0.8.tgz 699ms (cache miss)
199 http fetch GET 200 https://registry.npmjs.org/axios 420ms (cache miss)
200 silly packumentCache corgi:https://registry.npmjs.org/axios set size:undefined disposed:false
201 http fetch GET 200 https://registry.npmjs.org/yargs-parser/-/yargs-parser-20.2.9.tgz 945ms (cache miss)
202 silly packumentCache corgi:https://registry.npmjs.org/localtunnel cache-miss
203 http cache https://registry.npmjs.org/localtunnel 23ms (cache hit)
204 silly packumentCache corgi:https://registry.npmjs.org/localtunnel set size:25176 disposed:false
205 http fetch GET 200 https://registry.npmjs.org/axios/-/axios-0.21.4.tgz 1049ms (cache miss)
206 http fetch GET 200 https://registry.npmjs.org/yargs/-/yargs-17.1.1.tgz 1068ms (cache miss)
207 verbose cwd /data/data/com.termux/files/home
208 verbose os Linux 5.15.178-android13-8-00021-g6f2f96be86b9-ab13729987
209 verbose node v26.4.0
210 verbose npm  v11.19.0
211 notice
211 notice New [31mmajor[39m version of npm available! [31m11.19.0[39m -> [34m12.0.2[39m
211 notice Changelog: [34mhttps://github.com/npm/cli/releases/tag/v12.0.2[39m
211 notice To update run: [4mnpm install -g npm@12.0.2[24m
211 notice  { force: true, Symbol(proc-log.meta): true }
212 verbose exit 1
213 verbose code 1
